// Jest Snapshot v1, https://goo.gl/fbAQLP

exports[`matches snapshot 1`] = `
<div
  className="flex items-center space-x-8 text-5xl"
>
  <button
    data-test="counter_dec"
    onClick={[Function]}
    type="button"
  >
    -
  </button>
  <span
    data-test="counter_value"
  >
    0
  </span>
  <button
    data-test="counter_inc"
    onClick={[Function]}
    type="button"
  >
    +
  </button>
</div>
`;
